iks01a2_motion_sensors_ex_Patch.c:82:9:IKS01A2_MOTION_SENSOR_Enable_HP_Filter	8	static
iks01a2_motion_sensors_ex_Patch.c:133:9:IKS01A2_MOTION_SENSOR_Set_INT1_DRDY	8	static
iks01a2_motion_sensors_ex_Patch.c:184:9:IKS01A2_MOTION_SENSOR_Set_INT2_DRDY	8	static
iks01a2_motion_sensors_ex_Patch.c:235:9:IKS01A2_MOTION_SENSOR_DRDY_Set_Mode	8	static
iks01a2_motion_sensors_ex_Patch.c:287:9:IKS01A2_MOTION_SENSOR_Clear_DRDY	24	static
iks01a2_motion_sensors_ex_Patch.c:398:9:IKS01A2_MOTION_SENSOR_Enable_6D_Orientation	8	static
iks01a2_motion_sensors_ex_Patch.c:455:9:IKS01A2_MOTION_SENSOR_Disable_6D_Orientation	8	static
iks01a2_motion_sensors_ex_Patch.c:513:9:IKS01A2_MOTION_SENSOR_Set_6D_Orientation_Threshold	8	static
iks01a2_motion_sensors_ex_Patch.c:572:9:IKS01A2_MOTION_SENSOR_Enable_Free_Fall_Detection	8	static
iks01a2_motion_sensors_ex_Patch.c:629:9:IKS01A2_MOTION_SENSOR_Disable_Free_Fall_Detection	8	static
iks01a2_motion_sensors_ex_Patch.c:687:9:IKS01A2_MOTION_SENSOR_Set_Free_Fall_Threshold	8	static
iks01a2_motion_sensors_ex_Patch.c:745:9:IKS01A2_MOTION_SENSOR_Set_Free_Fall_Duration	8	static
iks01a2_motion_sensors_ex_Patch.c:803:9:IKS01A2_MOTION_SENSOR_Enable_Pedometer	0	static
iks01a2_motion_sensors_ex_Patch.c:847:9:IKS01A2_MOTION_SENSOR_Disable_Pedometer	0	static
iks01a2_motion_sensors_ex_Patch.c:892:9:IKS01A2_MOTION_SENSOR_Set_Pedometer_Threshold	0	static
iks01a2_motion_sensors_ex_Patch.c:937:9:IKS01A2_MOTION_SENSOR_Reset_Step_Counter	0	static
iks01a2_motion_sensors_ex_Patch.c:983:9:IKS01A2_MOTION_SENSOR_Enable_Single_Tap_Detection	8	static
iks01a2_motion_sensors_ex_Patch.c:1040:9:IKS01A2_MOTION_SENSOR_Disable_Single_Tap_Detection	8	static
iks01a2_motion_sensors_ex_Patch.c:1099:9:IKS01A2_MOTION_SENSOR_Enable_Double_Tap_Detection	8	static
iks01a2_motion_sensors_ex_Patch.c:1156:9:IKS01A2_MOTION_SENSOR_Disable_Double_Tap_Detection	8	static
iks01a2_motion_sensors_ex_Patch.c:1214:9:IKS01A2_MOTION_SENSOR_Set_Tap_Threshold	8	static
iks01a2_motion_sensors_ex_Patch.c:1272:9:IKS01A2_MOTION_SENSOR_Set_Tap_Shock_Time	8	static
iks01a2_motion_sensors_ex_Patch.c:1330:9:IKS01A2_MOTION_SENSOR_Set_Tap_Quiet_Time	8	static
iks01a2_motion_sensors_ex_Patch.c:1388:9:IKS01A2_MOTION_SENSOR_Set_Tap_Duration_Time	8	static
iks01a2_motion_sensors_ex_Patch.c:1447:9:IKS01A2_MOTION_SENSOR_Enable_Tilt_Detection	8	static
iks01a2_motion_sensors_ex_Patch.c:1504:9:IKS01A2_MOTION_SENSOR_Disable_Tilt_Detection	8	static
iks01a2_motion_sensors_ex_Patch.c:1563:9:IKS01A2_MOTION_SENSOR_Enable_Wake_Up_Detection	8	static
iks01a2_motion_sensors_ex_Patch.c:1620:9:IKS01A2_MOTION_SENSOR_Disable_Wake_Up_Detection	8	static
iks01a2_motion_sensors_ex_Patch.c:1678:9:IKS01A2_MOTION_SENSOR_Set_Wake_Up_Threshold	8	static
iks01a2_motion_sensors_ex_Patch.c:1736:9:IKS01A2_MOTION_SENSOR_Set_Wake_Up_Duration	8	static
iks01a2_motion_sensors_ex_Patch.c:1794:9:IKS01A2_MOTION_SENSOR_Get_Event_Status	8	static
iks01a2_motion_sensors_ex_Patch.c:1858:9:IKS01A2_MOTION_SENSOR_Get_DRDY_Status	8	static
iks01a2_motion_sensors_ex_Patch.c:1966:9:IKS01A2_MOTION_SENSOR_Get_6D_Orientation_XL	8	static
iks01a2_motion_sensors_ex_Patch.c:2024:9:IKS01A2_MOTION_SENSOR_Get_6D_Orientation_XH	8	static
iks01a2_motion_sensors_ex_Patch.c:2082:9:IKS01A2_MOTION_SENSOR_Get_6D_Orientation_YL	8	static
iks01a2_motion_sensors_ex_Patch.c:2140:9:IKS01A2_MOTION_SENSOR_Get_6D_Orientation_YH	8	static
iks01a2_motion_sensors_ex_Patch.c:2198:9:IKS01A2_MOTION_SENSOR_Get_6D_Orientation_ZL	8	static
iks01a2_motion_sensors_ex_Patch.c:2256:9:IKS01A2_MOTION_SENSOR_Get_6D_Orientation_ZH	8	static
iks01a2_motion_sensors_ex_Patch.c:2314:9:IKS01A2_MOTION_SENSOR_Get_Step_Count	0	static
iks01a2_motion_sensors_ex_Patch.c:2360:9:IKS01A2_MOTION_SENSOR_Read_Register	8	static
iks01a2_motion_sensors_ex_Patch.c:2433:9:IKS01A2_MOTION_SENSOR_Write_Register	8	static
iks01a2_motion_sensors_ex_Patch.c:2505:9:IKS01A2_MOTION_SENSOR_FIFO_Get_Num_Samples	8	static
iks01a2_motion_sensors_ex_Patch.c:2563:9:IKS01A2_MOTION_SENSOR_FIFO_Get_Full_Status	8	static
iks01a2_motion_sensors_ex_Patch.c:2623:9:IKS01A2_MOTION_SENSOR_FIFO_Set_Decimation	8	static
iks01a2_motion_sensors_ex_Patch.c:2719:9:IKS01A2_MOTION_SENSOR_FIFO_Set_ODR_Value	8	static
iks01a2_motion_sensors_ex_Patch.c:2777:9:IKS01A2_MOTION_SENSOR_FIFO_Set_INT1_FIFO_Full	8	static
iks01a2_motion_sensors_ex_Patch.c:2835:9:IKS01A2_MOTION_SENSOR_FIFO_Set_INT2_FIFO_Full	8	static
iks01a2_motion_sensors_ex_Patch.c:2886:9:IKS01A2_MOTION_SENSOR_FIFO_Set_Watermark_Level	8	static
iks01a2_motion_sensors_ex_Patch.c:2944:9:IKS01A2_MOTION_SENSOR_FIFO_Set_Stop_On_Fth	8	static
iks01a2_motion_sensors_ex_Patch.c:3002:9:IKS01A2_MOTION_SENSOR_FIFO_Set_Mode	8	static
iks01a2_motion_sensors_ex_Patch.c:3060:9:IKS01A2_MOTION_SENSOR_FIFO_Get_Pattern	8	static
iks01a2_motion_sensors_ex_Patch.c:3120:9:IKS01A2_MOTION_SENSOR_FIFO_Get_Axis	8	static
iks01a2_motion_sensors_ex_Patch.c:3216:9:IKS01A2_MOTION_SENSOR_Set_SelfTest	8	static
iks01a2_motion_sensors_ex_Patch.c:3312:9:IKS01A2_MOTION_SENSOR_FIFO_Get_Data_Word	8	static
