iks01a2_motion_sensors_Patch.c:124:9:IKS01A2_MOTION_SENSOR_Init	104	static
iks01a2_motion_sensors_Patch.c:264:9:IKS01A2_MOTION_SENSOR_DeInit	8	static
iks01a2_motion_sensors_Patch.c:290:9:IKS01A2_MOTION_SENSOR_GetCapabilities	8	static
iks01a2_motion_sensors_Patch.c:316:9:IKS01A2_MOTION_SENSOR_ReadID	8	static
iks01a2_motion_sensors_Patch.c:345:9:IKS01A2_MOTION_SENSOR_Enable	8	static
iks01a2_motion_sensors_Patch.c:384:9:IKS01A2_MOTION_SENSOR_Disable	8	static
iks01a2_motion_sensors_Patch.c:424:9:IKS01A2_MOTION_SENSOR_GetAxes	16	static
iks01a2_motion_sensors_Patch.c:464:9:IKS01A2_MOTION_SENSOR_GetAxesRaw	16	static
iks01a2_motion_sensors_Patch.c:504:9:IKS01A2_MOTION_SENSOR_GetSensitivity	16	static
iks01a2_motion_sensors_Patch.c:545:9:IKS01A2_MOTION_SENSOR_GetOutputDataRate	16	static
iks01a2_motion_sensors_Patch.c:585:9:IKS01A2_MOTION_SENSOR_GetFullScale	16	static
iks01a2_motion_sensors_Patch.c:626:9:IKS01A2_MOTION_SENSOR_SetOutputDataRate	8	static
iks01a2_motion_sensors_Patch.c:666:9:IKS01A2_MOTION_SENSOR_SetFullScale	16	static
