ism330dlc_Patch.c:285:9:ISM330DLC_GetCapabilities	0	static
ism330dlc_Patch.c:2984:16:ReadRegWrap	4	static
ism330dlc_Patch.c:2999:16:WriteRegWrap	4	static
ism330dlc_Patch.c:544:9:ISM330DLC_ACC_SetFullScale	8	static
ism330dlc_Patch.c:174:9:ISM330DLC_Init	16	static
ism330dlc_Patch.c:863:9:ISM330DLC_GYRO_SetFullScale	8	static
ism330dlc_Patch.c:269:9:ISM330DLC_ReadID	8	static
ism330dlc_Patch.c:407:9:ISM330DLC_ACC_GetOutputDataRate	16	static
ism330dlc_Patch.c:363:9:ISM330DLC_ACC_GetSensitivity	16	static
ism330dlc_Patch.c:501:9:ISM330DLC_ACC_GetFullScale	16	static
ism330dlc_Patch.c:569:9:ISM330DLC_ACC_GetAxesRaw	16	static
ism330dlc_Patch.c:593:9:ISM330DLC_ACC_GetAxes	32	static
ism330dlc_Patch.c:726:9:ISM330DLC_GYRO_GetOutputDataRate	16	static
ism330dlc_Patch.c:678:9:ISM330DLC_GYRO_GetSensitivity	16	static
ism330dlc_Patch.c:816:9:ISM330DLC_GYRO_GetFullScale	16	static
ism330dlc_Patch.c:887:9:ISM330DLC_GYRO_GetAxesRaw	16	static
ism330dlc_Patch.c:911:9:ISM330DLC_GYRO_GetAxes	32	static
ism330dlc_Patch.c:482:9:ISM330DLC_ACC_SetOutputDataRate	8	static
ism330dlc_Patch.c:797:9:ISM330DLC_GYRO_SetOutputDataRate	8	static
ism330dlc_Patch.c:308:9:ISM330DLC_ACC_Enable	8	static
ism330dlc_Patch.c:623:9:ISM330DLC_GYRO_Enable	8	static
ism330dlc_Patch.c:332:9:ISM330DLC_ACC_Disable	16	static
ism330dlc_Patch.c:647:9:ISM330DLC_GYRO_Disable	16	static
ism330dlc_Patch.c:241:9:ISM330DLC_DeInit	8	static
ism330dlc_Patch.c:943:9:ISM330DLC_Read_Reg	8	static
ism330dlc_Patch.c:960:9:ISM330DLC_Write_Reg	16	static
ism330dlc_Patch.c:117:9:ISM330DLC_RegisterBusIO	8	static
ism330dlc_Patch.c:976:9:ISM330DLC_Set_Interrupt_Latch	8	static
ism330dlc_Patch.c:997:9:ISM330DLC_Set_INT1_Drdy	24	static
ism330dlc_Patch.c:1022:9:ISM330DLC_Set_Drdy_Mode	8	static
ism330dlc_Patch.c:1037:9:ISM330DLC_ACC_Enable_Free_Fall_Detection	24	static
ism330dlc_Patch.c:1129:9:ISM330DLC_ACC_Disable_Free_Fall_Detection	16	static
ism330dlc_Patch.c:1180:9:ISM330DLC_ACC_Set_Free_Fall_Threshold	8	static
ism330dlc_Patch.c:1196:9:ISM330DLC_ACC_Set_Free_Fall_Duration	8	static
ism330dlc_Patch.c:1212:9:ISM330DLC_ACC_Enable_Tilt_Detection	24	static
ism330dlc_Patch.c:1280:9:ISM330DLC_ACC_Disable_Tilt_Detection	16	static
ism330dlc_Patch.c:1325:9:ISM330DLC_ACC_Enable_Wake_Up_Detection	24	static
ism330dlc_Patch.c:1399:9:ISM330DLC_ACC_Disable_Wake_Up_Detection	16	static
ism330dlc_Patch.c:1450:9:ISM330DLC_ACC_Set_Wake_Up_Threshold	8	static
ism330dlc_Patch.c:1467:9:ISM330DLC_ACC_Set_Wake_Up_Duration	8	static
ism330dlc_Patch.c:1484:9:ISM330DLC_ACC_Enable_Single_Tap_Detection	24	static
ism330dlc_Patch.c:1586:9:ISM330DLC_ACC_Disable_Single_Tap_Detection	16	static
ism330dlc_Patch.c:1661:9:ISM330DLC_ACC_Enable_Double_Tap_Detection	24	static
ism330dlc_Patch.c:1771:9:ISM330DLC_ACC_Disable_Double_Tap_Detection	16	static
ism330dlc_Patch.c:1858:9:ISM330DLC_ACC_Set_Tap_Threshold	8	static
ism330dlc_Patch.c:1875:9:ISM330DLC_ACC_Set_Tap_Shock_Time	8	static
ism330dlc_Patch.c:1892:9:ISM330DLC_ACC_Set_Tap_Quiet_Time	8	static
ism330dlc_Patch.c:1909:9:ISM330DLC_ACC_Set_Tap_Duration_Time	8	static
ism330dlc_Patch.c:1926:9:ISM330DLC_ACC_Enable_6D_Orientation	24	static
ism330dlc_Patch.c:1994:9:ISM330DLC_ACC_Disable_6D_Orientation	16	static
ism330dlc_Patch.c:2039:9:ISM330DLC_ACC_Set_6D_Orientation_Threshold	8	static
ism330dlc_Patch.c:2055:9:ISM330DLC_ACC_Get_6D_Orientation_XL	16	static
ism330dlc_Patch.c:2075:9:ISM330DLC_ACC_Get_6D_Orientation_XH	16	static
ism330dlc_Patch.c:2095:9:ISM330DLC_ACC_Get_6D_Orientation_YL	16	static
ism330dlc_Patch.c:2115:9:ISM330DLC_ACC_Get_6D_Orientation_YH	16	static
ism330dlc_Patch.c:2135:9:ISM330DLC_ACC_Get_6D_Orientation_ZL	16	static
ism330dlc_Patch.c:2155:9:ISM330DLC_ACC_Get_6D_Orientation_ZH	16	static
ism330dlc_Patch.c:2175:9:ISM330DLC_ACC_Get_Event_Status	48	static
ism330dlc_Patch.c:2287:9:ISM330DLC_ACC_Set_SelfTest	8	static
ism330dlc_Patch.c:2310:9:ISM330DLC_ACC_Get_DRDY_Status	8	static
ism330dlc_Patch.c:2326:9:ISM330DLC_ACC_Get_Init_Status	0	static
ism330dlc_Patch.c:2344:9:ISM330DLC_ACC_Enable_HP_Filter	8	static
ism330dlc_Patch.c:2360:9:ISM330DLC_GYRO_Set_SelfTest	8	static
ism330dlc_Patch.c:2384:9:ISM330DLC_GYRO_Get_DRDY_Status	8	static
ism330dlc_Patch.c:2400:9:ISM330DLC_GYRO_Get_Init_Status	0	static
ism330dlc_Patch.c:2418:9:ISM330DLC_FIFO_Get_Num_Samples	8	static
ism330dlc_Patch.c:2434:9:ISM330DLC_FIFO_Get_Full_Status	16	static
ism330dlc_Patch.c:2454:9:ISM330DLC_FIFO_Set_ODR_Value	8	static
ism330dlc_Patch.c:2483:9:ISM330DLC_FIFO_Set_INT1_FIFO_Full	24	static
ism330dlc_Patch.c:2508:9:ISM330DLC_FIFO_Set_INT2_FIFO_Full	24	static
ism330dlc_Patch.c:2533:9:ISM330DLC_FIFO_Set_Watermark_Level	8	static
ism330dlc_Patch.c:2549:9:ISM330DLC_FIFO_Set_Stop_On_Fth	8	static
ism330dlc_Patch.c:2565:9:ISM330DLC_FIFO_Set_Mode	8	static
ism330dlc_Patch.c:2603:9:ISM330DLC_FIFO_Get_Pattern	8	static
ism330dlc_Patch.c:2619:9:ISM330DLC_FIFO_Get_Data	8	static
ism330dlc_Patch.c:2635:9:ISM330DLC_FIFO_Full_Set_INT1	0	static
ism330dlc_Patch.c:2660:9:ISM330DLC_FIFO_ACC_Set_Decimation	8	static
ism330dlc_Patch.c:2701:9:ISM330DLC_FIFO_ACC_Get_Axis	24	static
ism330dlc_Patch.c:2729:9:ISM330DLC_FIFO_Get_Data_Word	16	static
ism330dlc_Patch.c:2749:9:ISM330DLC_FIFO_GYRO_Set_Decimation	8	static
ism330dlc_Patch.c:2790:9:ISM330DLC_FIFO_GYRO_Get_Axis	24	static
ism330dlc_Patch.c:2931:9:ISM330DLC_FIFO_Set_INT2_Drdy	0	static
ism330dlc_Patch.c:2956:9:ISM330DLC_Set_INT2_Drdy	24	static
