ism330dlc_reg.c:60:9:ism330dlc_read_reg	4	static
ism330dlc_reg.c:75:9:ism330dlc_write_reg	4	static
ism330dlc_reg.c:102:9:ism330dlc_xl_full_scale_set	24	static
ism330dlc_reg.c:122:9:ism330dlc_xl_full_scale_get	16	static
ism330dlc_reg.c:141:9:ism330dlc_xl_data_rate_set	24	static
ism330dlc_reg.c:161:9:ism330dlc_xl_data_rate_get	16	static
ism330dlc_reg.c:180:9:ism330dlc_gy_full_scale_set	24	static
ism330dlc_reg.c:199:9:ism330dlc_gy_full_scale_get	16	static
ism330dlc_reg.c:218:9:ism330dlc_gy_data_rate_set	24	static
ism330dlc_reg.c:237:9:ism330dlc_gy_data_rate_get	16	static
ism330dlc_reg.c:256:9:ism330dlc_block_data_update_set	24	static
ism330dlc_reg.c:275:9:ism330dlc_block_data_update_get	16	static
ism330dlc_reg.c:296:9:ism330dlc_xl_offset_weight_set	24	static
ism330dlc_reg.c:318:9:ism330dlc_xl_offset_weight_get	16	static
ism330dlc_reg.c:339:9:ism330dlc_xl_power_mode_set	24	static
ism330dlc_reg.c:360:9:ism330dlc_xl_power_mode_get	16	static
ism330dlc_reg.c:384:9:ism330dlc_rounding_on_status_set	24	static
ism330dlc_reg.c:409:9:ism330dlc_rounding_on_status_get	16	static
ism330dlc_reg.c:430:9:ism330dlc_gy_power_mode_set	24	static
ism330dlc_reg.c:451:9:ism330dlc_gy_power_mode_get	16	static
ism330dlc_reg.c:473:9:ism330dlc_all_sources_get	16	static
ism330dlc_reg.c:493:9:ism330dlc_status_reg_get	0	static
ism330dlc_reg.c:506:9:ism330dlc_xl_flag_data_ready_get	16	static
ism330dlc_reg.c:524:9:ism330dlc_gy_flag_data_ready_get	16	static
ism330dlc_reg.c:542:9:ism330dlc_temp_flag_data_ready_get	16	static
ism330dlc_reg.c:563:9:ism330dlc_xl_usr_offset_set	0	static
ism330dlc_reg.c:578:9:ism330dlc_xl_usr_offset_get	0	static
ism330dlc_reg.c:603:9:ism330dlc_timestamp_set	24	static
ism330dlc_reg.c:628:9:ism330dlc_timestamp_get	16	static
ism330dlc_reg.c:652:9:ism330dlc_timestamp_res_set	24	static
ism330dlc_reg.c:677:9:ism330dlc_timestamp_res_get	16	static
ism330dlc_reg.c:708:9:ism330dlc_rounding_mode_set	24	static
ism330dlc_reg.c:730:9:ism330dlc_rounding_mode_get	16	static
ism330dlc_reg.c:751:9:ism330dlc_temperature_raw_get	0	static
ism330dlc_reg.c:765:9:ism330dlc_angular_rate_raw_get	0	static
ism330dlc_reg.c:779:9:ism330dlc_acceleration_raw_get	0	static
ism330dlc_reg.c:791:9:ism330dlc_mag_calibrated_raw_get	0	static
ism330dlc_reg.c:804:9:ism330dlc_fifo_raw_data_get	0	static
ism330dlc_reg.c:833:9:ism330dlc_mem_bank_set	24	static
ism330dlc_reg.c:855:9:ism330dlc_mem_bank_get	16	static
ism330dlc_reg.c:875:9:ism330dlc_data_ready_mode_set	24	static
ism330dlc_reg.c:896:9:ism330dlc_data_ready_mode_get	16	static
ism330dlc_reg.c:915:9:ism330dlc_device_id_get	0	static
ism330dlc_reg.c:928:9:ism330dlc_reset_set	24	static
ism330dlc_reg.c:948:9:ism330dlc_reset_get	16	static
ism330dlc_reg.c:966:9:ism330dlc_data_format_set	24	static
ism330dlc_reg.c:985:9:ism330dlc_data_format_get	16	static
ism330dlc_reg.c:1005:9:ism330dlc_auto_increment_set	24	static
ism330dlc_reg.c:1026:9:ism330dlc_auto_increment_get	16	static
ism330dlc_reg.c:1045:9:ism330dlc_boot_set	24	static
ism330dlc_reg.c:1065:9:ism330dlc_boot_get	16	static
ism330dlc_reg.c:1083:9:ism330dlc_xl_self_test_set	24	static
ism330dlc_reg.c:1102:9:ism330dlc_xl_self_test_get	16	static
ism330dlc_reg.c:1121:9:ism330dlc_gy_self_test_set	24	static
ism330dlc_reg.c:1140:9:ism330dlc_gy_self_test_get	16	static
ism330dlc_reg.c:1171:9:ism330dlc_filter_settling_mask_set	24	static
ism330dlc_reg.c:1192:9:ism330dlc_filter_settling_mask_get	16	static
ism330dlc_reg.c:1213:9:ism330dlc_xl_hp_path_internal_set	24	static
ism330dlc_reg.c:1235:9:ism330dlc_xl_hp_path_internal_get	16	static
ism330dlc_reg.c:1267:9:ism330dlc_xl_filter_analog_set	24	static
ism330dlc_reg.c:1289:9:ism330dlc_xl_filter_analog_get	16	static
ism330dlc_reg.c:1323:9:ism330dlc_xl_lp1_bandwidth_set	24	static
ism330dlc_reg.c:1351:9:ism330dlc_xl_lp1_bandwidth_get	24	static
ism330dlc_reg.c:1378:9:ism330dlc_xl_lp2_bandwidth_set	24	static
ism330dlc_reg.c:1402:9:ism330dlc_xl_lp2_bandwidth_get	16	static
ism330dlc_reg.c:1429:9:ism330dlc_xl_reference_mode_set	24	static
ism330dlc_reg.c:1448:9:ism330dlc_xl_reference_mode_get	16	static
ism330dlc_reg.c:1466:9:ism330dlc_xl_hp_bandwidth_set	24	static
ism330dlc_reg.c:1488:9:ism330dlc_xl_hp_bandwidth_get	16	static
ism330dlc_reg.c:1528:9:ism330dlc_xl_ui_lp1_bandwidth_set	24	static
ism330dlc_reg.c:1554:9:ism330dlc_xl_ui_lp1_bandwidth_get	24	static
ism330dlc_reg.c:1581:9:ism330dlc_xl_ui_slope_set	24	static
ism330dlc_reg.c:1600:9:ism330dlc_xl_ui_slope_get	16	static
ism330dlc_reg.c:1630:9:ism330dlc_xl_aux_lp_bandwidth_set	24	static
ism330dlc_reg.c:1664:9:ism330dlc_xl_aux_lp_bandwidth_get	16	static
ism330dlc_reg.c:1697:9:ism330dlc_gy_band_pass_set	24	static
ism330dlc_reg.c:1728:9:ism330dlc_gy_band_pass_get	24	static
ism330dlc_reg.c:1777:9:ism330dlc_gy_ui_high_pass_set	24	static
ism330dlc_reg.c:1799:9:ism330dlc_gy_ui_high_pass_get	16	static
ism330dlc_reg.c:1822:9:ism330dlc_gy_aux_bandwidth_set	24	static
ism330dlc_reg.c:1851:9:ism330dlc_gy_aux_bandwidth_get	16	static
ism330dlc_reg.c:1891:9:ism330dlc_aux_status_reg_get	0	static
ism330dlc_reg.c:1904:9:ism330dlc_aux_xl_flag_data_ready_get	16	static
ism330dlc_reg.c:1923:9:ism330dlc_aux_gy_flag_data_ready_get	16	static
ism330dlc_reg.c:1943:9:ism330dlc_aux_gy_flag_settling_get	16	static
ism330dlc_reg.c:1961:9:ism330dlc_aux_den_mode_set	24	static
ism330dlc_reg.c:1986:9:ism330dlc_aux_den_mode_get	16	static
ism330dlc_reg.c:2007:9:ism330dlc_aux_drdy_on_int2_set	24	static
ism330dlc_reg.c:2028:9:ism330dlc_aux_drdy_on_int2_get	16	static
ism330dlc_reg.c:2054:9:ism330dlc_aux_mode_set	24	static
ism330dlc_reg.c:2083:9:ism330dlc_aux_mode_get	16	static
ism330dlc_reg.c:2104:9:ism330dlc_aux_gy_full_scale_set	24	static
ism330dlc_reg.c:2124:9:ism330dlc_aux_gy_full_scale_get	16	static
ism330dlc_reg.c:2143:9:ism330dlc_aux_spi_mode_set	24	static
ism330dlc_reg.c:2163:9:ism330dlc_aux_spi_mode_get	16	static
ism330dlc_reg.c:2183:9:ism330dlc_aux_data_format_set	24	static
ism330dlc_reg.c:2204:9:ism330dlc_aux_data_format_get	16	static
ism330dlc_reg.c:2228:9:ism330dlc_aux_gy_clamp_set	24	static
ism330dlc_reg.c:2253:9:ism330dlc_aux_gy_clamp_get	16	static
ism330dlc_reg.c:2272:9:ism330dlc_aux_gy_self_test_set	24	static
ism330dlc_reg.c:2292:9:ism330dlc_aux_gy_self_test_get	16	static
ism330dlc_reg.c:2313:9:ism330dlc_aux_xl_full_scale_set	24	static
ism330dlc_reg.c:2334:9:ism330dlc_aux_xl_full_scale_get	16	static
ism330dlc_reg.c:2355:9:ism330dlc_aux_den_polarity_set	24	static
ism330dlc_reg.c:2377:9:ism330dlc_aux_den_polarity_get	16	static
ism330dlc_reg.c:2407:9:ism330dlc_spi_mode_set	24	static
ism330dlc_reg.c:2426:9:ism330dlc_spi_mode_get	16	static
ism330dlc_reg.c:2445:9:ism330dlc_i2c_interface_set	24	static
ism330dlc_reg.c:2466:9:ism330dlc_i2c_interface_get	16	static
ism330dlc_reg.c:2498:9:ism330dlc_pin_int1_route_set	32	static
ism330dlc_reg.c:2556:9:ism330dlc_pin_int1_route_get	24	static
ism330dlc_reg.c:2596:9:ism330dlc_pin_int2_route_set	24	static
ism330dlc_reg.c:2645:9:ism330dlc_pin_int2_route_get	24	static
ism330dlc_reg.c:2679:9:ism330dlc_pin_mode_set	24	static
ism330dlc_reg.c:2698:9:ism330dlc_pin_mode_get	16	static
ism330dlc_reg.c:2717:9:ism330dlc_pin_polarity_set	24	static
ism330dlc_reg.c:2737:9:ism330dlc_pin_polarity_get	16	static
ism330dlc_reg.c:2757:9:ism330dlc_all_on_int1_set	24	static
ism330dlc_reg.c:2777:9:ism330dlc_all_on_int1_get	16	static
ism330dlc_reg.c:2795:9:ism330dlc_int_notification_set	24	static
ism330dlc_reg.c:2815:9:ism330dlc_int_notification_get	16	static
ism330dlc_reg.c:2845:9:ism330dlc_wkup_threshold_set	24	static
ism330dlc_reg.c:2864:9:ism330dlc_wkup_threshold_get	16	static
ism330dlc_reg.c:2882:9:ism330dlc_wkup_dur_set	24	static
ism330dlc_reg.c:2901:9:ism330dlc_wkup_dur_get	16	static
ism330dlc_reg.c:2930:9:ism330dlc_gy_sleep_mode_set	24	static
ism330dlc_reg.c:2949:9:ism330dlc_gy_sleep_mode_get	16	static
ism330dlc_reg.c:2967:9:ism330dlc_act_mode_set	24	static
ism330dlc_reg.c:2986:9:ism330dlc_act_mode_get	16	static
ism330dlc_reg.c:3005:9:ism330dlc_act_sleep_dur_set	24	static
ism330dlc_reg.c:3025:9:ism330dlc_act_sleep_dur_get	16	static
ism330dlc_reg.c:3054:9:ism330dlc_tap_src_get	0	static
ism330dlc_reg.c:3066:9:ism330dlc_tap_detection_on_z_set	24	static
ism330dlc_reg.c:3085:9:ism330dlc_tap_detection_on_z_get	16	static
ism330dlc_reg.c:3103:9:ism330dlc_tap_detection_on_y_set	24	static
ism330dlc_reg.c:3122:9:ism330dlc_tap_detection_on_y_get	16	static
ism330dlc_reg.c:3140:9:ism330dlc_tap_detection_on_x_set	24	static
ism330dlc_reg.c:3159:9:ism330dlc_tap_detection_on_x_get	16	static
ism330dlc_reg.c:3177:9:ism330dlc_tap_threshold_x_set	24	static
ism330dlc_reg.c:3196:9:ism330dlc_tap_threshold_x_get	16	static
ism330dlc_reg.c:3220:9:ism330dlc_tap_shock_set	24	static
ism330dlc_reg.c:3245:9:ism330dlc_tap_shock_get	16	static
ism330dlc_reg.c:3270:9:ism330dlc_tap_quiet_set	24	static
ism330dlc_reg.c:3295:9:ism330dlc_tap_quiet_get	16	static
ism330dlc_reg.c:3320:9:ism330dlc_tap_dur_set	24	static
ism330dlc_reg.c:3346:9:ism330dlc_tap_dur_get	16	static
ism330dlc_reg.c:3365:9:ism330dlc_tap_mode_set	24	static
ism330dlc_reg.c:3386:9:ism330dlc_tap_mode_get	16	static
ism330dlc_reg.c:3417:9:ism330dlc_6d_feed_data_set	24	static
ism330dlc_reg.c:3438:9:ism330dlc_6d_feed_data_get	16	static
ism330dlc_reg.c:3458:9:ism330dlc_6d_threshold_set	24	static
ism330dlc_reg.c:3478:9:ism330dlc_6d_threshold_get	16	static
ism330dlc_reg.c:3497:9:ism330dlc_4d_mode_set	24	static
ism330dlc_reg.c:3516:9:ism330dlc_4d_mode_get	16	static
ism330dlc_reg.c:3545:9:ism330dlc_ff_dur_set	24	static
ism330dlc_reg.c:3568:9:ism330dlc_ff_dur_get	16	static
ism330dlc_reg.c:3586:9:ism330dlc_ff_threshold_set	24	static
ism330dlc_reg.c:3606:9:ism330dlc_ff_threshold_get	16	static
ism330dlc_reg.c:3635:9:ism330dlc_fifo_watermark_set	24	static
ism330dlc_reg.c:3655:9:ism330dlc_fifo_watermark_get	16	static
ism330dlc_reg.c:3675:9:ism330dlc_fifo_data_level_get	16	static
ism330dlc_reg.c:3693:9:ism330dlc_fifo_wtm_flag_get	16	static
ism330dlc_reg.c:3712:9:ism330dlc_fifo_pattern_get	16	static
ism330dlc_reg.c:3731:9:ism330dlc_fifo_temp_batch_set	24	static
ism330dlc_reg.c:3750:9:ism330dlc_fifo_temp_batch_get	16	static
ism330dlc_reg.c:3768:9:ism330dlc_fifo_write_trigger_set	24	static
ism330dlc_reg.c:3788:9:ism330dlc_fifo_write_trigger_get	16	static
ism330dlc_reg.c:3809:9:ism330dlc_fifo_xl_batch_set	24	static
ism330dlc_reg.c:3831:9:ism330dlc_fifo_xl_batch_get	16	static
ism330dlc_reg.c:3852:9:ism330dlc_fifo_gy_batch_set	24	static
ism330dlc_reg.c:3874:9:ism330dlc_fifo_gy_batch_get	16	static
ism330dlc_reg.c:3895:9:ism330dlc_fifo_dataset_3_batch_set	24	static
ism330dlc_reg.c:3918:9:ism330dlc_fifo_dataset_3_batch_get	16	static
ism330dlc_reg.c:3940:9:ism330dlc_fifo_dataset_4_batch_set	24	static
ism330dlc_reg.c:3963:9:ism330dlc_fifo_dataset_4_batch_get	16	static
ism330dlc_reg.c:3982:9:ism330dlc_fifo_xl_gy_8bit_format_set	24	static
ism330dlc_reg.c:4002:9:ism330dlc_fifo_xl_gy_8bit_format_get	16	static
ism330dlc_reg.c:4022:9:ism330dlc_fifo_stop_on_wtm_set	24	static
ism330dlc_reg.c:4042:9:ism330dlc_fifo_stop_on_wtm_get	16	static
ism330dlc_reg.c:4061:9:ism330dlc_fifo_mode_set	24	static
ism330dlc_reg.c:4082:9:ism330dlc_fifo_mode_get	16	static
ism330dlc_reg.c:4102:9:ism330dlc_fifo_data_rate_set	24	static
ism330dlc_reg.c:4122:9:ism330dlc_fifo_data_rate_get	16	static
ism330dlc_reg.c:4152:9:ism330dlc_den_polarity_set	24	static
ism330dlc_reg.c:4172:9:ism330dlc_den_polarity_get	16	static
ism330dlc_reg.c:4191:9:ism330dlc_den_mode_set	24	static
ism330dlc_reg.c:4210:9:ism330dlc_den_mode_get	16	static
ism330dlc_reg.c:4230:9:ism330dlc_den_enable_set	24	static
ism330dlc_reg.c:4256:9:ism330dlc_den_enable_get	24	static
ism330dlc_reg.c:4277:9:ism330dlc_den_mark_axis_z_set	24	static
ism330dlc_reg.c:4296:9:ism330dlc_den_mark_axis_z_get	16	static
ism330dlc_reg.c:4314:9:ism330dlc_den_mark_axis_y_set	24	static
ism330dlc_reg.c:4333:9:ism330dlc_den_mark_axis_y_get	16	static
ism330dlc_reg.c:4351:9:ism330dlc_den_mark_axis_x_set	24	static
ism330dlc_reg.c:4370:9:ism330dlc_den_mark_axis_x_get	16	static
ism330dlc_reg.c:4399:9:ism330dlc_tilt_sens_set	24	static
ism330dlc_reg.c:4422:9:ism330dlc_tilt_sens_get	16	static
ism330dlc_reg.c:4452:9:ism330dlc_mag_soft_iron_set	24	static
ism330dlc_reg.c:4472:9:ism330dlc_mag_soft_iron_get	16	static
ism330dlc_reg.c:4491:9:ism330dlc_mag_hard_iron_set	24	static
ism330dlc_reg.c:4518:9:ism330dlc_mag_hard_iron_get	16	static
ism330dlc_reg.c:4539:9:ism330dlc_mag_soft_iron_mat_set	16	static
ism330dlc_reg.c:4560:9:ism330dlc_mag_soft_iron_mat_get	16	static
ism330dlc_reg.c:4580:9:ism330dlc_mag_offset_set	16	static
ism330dlc_reg.c:4600:9:ism330dlc_mag_offset_get	16	static
ism330dlc_reg.c:4629:9:ism330dlc_func_en_set	24	static
ism330dlc_reg.c:4650:9:ism330dlc_sh_sync_sens_frame_set	24	static
ism330dlc_reg.c:4673:9:ism330dlc_sh_sync_sens_frame_get	16	static
ism330dlc_reg.c:4694:9:ism330dlc_sh_sync_sens_ratio_set	24	static
ism330dlc_reg.c:4717:9:ism330dlc_sh_sync_sens_ratio_get	16	static
ism330dlc_reg.c:4737:9:ism330dlc_sh_master_set	24	static
ism330dlc_reg.c:4756:9:ism330dlc_sh_master_get	16	static
ism330dlc_reg.c:4775:9:ism330dlc_sh_pass_through_set	24	static
ism330dlc_reg.c:4795:9:ism330dlc_sh_pass_through_get	16	static
ism330dlc_reg.c:4814:9:ism330dlc_sh_pin_mode_set	24	static
ism330dlc_reg.c:4835:9:ism330dlc_sh_pin_mode_get	16	static
ism330dlc_reg.c:4855:9:ism330dlc_sh_syncro_mode_set	24	static
ism330dlc_reg.c:4876:9:ism330dlc_sh_syncro_mode_get	16	static
ism330dlc_reg.c:4896:9:ism330dlc_sh_drdy_on_int1_set	24	static
ism330dlc_reg.c:4915:9:ism330dlc_sh_drdy_on_int1_get	16	static
ism330dlc_reg.c:4933:9:ism330dlc_sh_read_data_raw_get	16	static
ism330dlc_reg.c:4954:9:ism330dlc_sh_cmd_sens_sync_set	24	static
ism330dlc_reg.c:4975:9:ism330dlc_sh_cmd_sens_sync_get	16	static
ism330dlc_reg.c:4995:9:ism330dlc_sh_spi_sync_error_set	24	static
ism330dlc_reg.c:5018:9:ism330dlc_sh_spi_sync_error_get	16	static
ism330dlc_reg.c:5039:9:ism330dlc_sh_num_of_dev_connected_set	24	static
ism330dlc_reg.c:5063:9:ism330dlc_sh_num_of_dev_connected_get	24	static
ism330dlc_reg.c:5087:9:ism330dlc_sh_cfg_write	24	static
ism330dlc_reg.c:5116:9:ism330dlc_sh_slv0_cfg_read	32	static
ism330dlc_reg.c:5146:9:ism330dlc_sh_slv1_cfg_read	32	static
ism330dlc_reg.c:5176:9:ism330dlc_sh_slv2_cfg_read	32	static
ism330dlc_reg.c:5206:9:ism330dlc_sh_slv3_cfg_read	32	static
ism330dlc_reg.c:5235:9:ism330dlc_sh_slave_0_dec_set	24	static
ism330dlc_reg.c:5259:9:ism330dlc_sh_slave_0_dec_get	24	static
ism330dlc_reg.c:5285:9:ism330dlc_sh_write_mode_set	24	static
ism330dlc_reg.c:5312:9:ism330dlc_sh_write_mode_get	24	static
ism330dlc_reg.c:5335:9:ism330dlc_sh_slave_1_dec_set	24	static
ism330dlc_reg.c:5359:9:ism330dlc_sh_slave_1_dec_get	24	static
ism330dlc_reg.c:5382:9:ism330dlc_sh_slave_2_dec_set	24	static
ism330dlc_reg.c:5406:9:ism330dlc_sh_slave_2_dec_get	24	static
ism330dlc_reg.c:5429:9:ism330dlc_sh_slave_3_dec_set	24	static
ism330dlc_reg.c:5453:9:ism330dlc_sh_slave_3_dec_get	24	static
