iks01a2_env_sensors.c:116:9:IKS01A2_ENV_SENSOR_Init	88	static
iks01a2_env_sensors.c:206:9:IKS01A2_ENV_SENSOR_DeInit	8	static
iks01a2_env_sensors.c:232:9:IKS01A2_ENV_SENSOR_GetCapabilities	8	static
iks01a2_env_sensors.c:258:9:IKS01A2_ENV_SENSOR_ReadID	8	static
iks01a2_env_sensors.c:286:9:IKS01A2_ENV_SENSOR_Enable	8	static
iks01a2_env_sensors.c:324:9:IKS01A2_ENV_SENSOR_Disable	8	static
iks01a2_env_sensors.c:363:9:IKS01A2_ENV_SENSOR_GetOutputDataRate	16	static
iks01a2_env_sensors.c:402:9:IKS01A2_ENV_SENSOR_SetOutputDataRate	8	static
iks01a2_env_sensors.c:441:9:IKS01A2_ENV_SENSOR_GetValue	16	static
