lps22hb_reg.c:60:9:lps22hb_read_reg	4	static
lps22hb_reg.c:77:9:lps22hb_write_reg	4	static
lps22hb_reg.c:102:9:lps22hb_autozero_rst_set	24	static
lps22hb_reg.c:123:9:lps22hb_autozero_rst_get	16	static
lps22hb_reg.c:141:9:lps22hb_autozero_set	24	static
lps22hb_reg.c:162:9:lps22hb_autozero_get	16	static
lps22hb_reg.c:180:9:lps22hb_pressure_snap_rst_set	24	static
lps22hb_reg.c:201:9:lps22hb_pressure_snap_rst_get	16	static
lps22hb_reg.c:219:9:lps22hb_pressure_snap_set	24	static
lps22hb_reg.c:240:9:lps22hb_pressure_snap_get	16	static
lps22hb_reg.c:258:9:lps22hb_block_data_update_set	24	static
lps22hb_reg.c:279:9:lps22hb_block_data_update_get	16	static
lps22hb_reg.c:297:9:lps22hb_low_pass_filter_mode_set	24	static
lps22hb_reg.c:319:9:lps22hb_low_pass_filter_mode_get	16	static
lps22hb_reg.c:353:9:lps22hb_data_rate_set	24	static
lps22hb_reg.c:374:9:lps22hb_data_rate_get	16	static
lps22hb_reg.c:416:9:lps22hb_one_shoot_trigger_set	24	static
lps22hb_reg.c:438:9:lps22hb_one_shoot_trigger_get	16	static
lps22hb_reg.c:459:9:lps22hb_pressure_ref_set	0	static
lps22hb_reg.c:474:9:lps22hb_pressure_ref_get	0	static
lps22hb_reg.c:489:9:lps22hb_pressure_offset_set	0	static
lps22hb_reg.c:504:9:lps22hb_pressure_offset_get	0	static
lps22hb_reg.c:516:9:lps22hb_press_data_ready_get	16	static
lps22hb_reg.c:534:9:lps22hb_temp_data_ready_get	16	static
lps22hb_reg.c:552:9:lps22hb_press_data_ovr_get	16	static
lps22hb_reg.c:570:9:lps22hb_temp_data_ovr_get	16	static
lps22hb_reg.c:588:9:lps22hb_pressure_raw_get	0	static
lps22hb_reg.c:600:9:lps22hb_temperature_raw_get	0	static
lps22hb_reg.c:616:9:lps22hb_low_pass_rst_get	0	static
lps22hb_reg.c:638:9:lps22hb_device_id_get	0	static
lps22hb_reg.c:651:9:lps22hb_reset_set	24	static
lps22hb_reg.c:673:9:lps22hb_reset_get	16	static
lps22hb_reg.c:692:9:lps22hb_boot_set	24	static
lps22hb_reg.c:714:9:lps22hb_boot_get	16	static
lps22hb_reg.c:732:9:lps22hb_low_power_set	24	static
lps22hb_reg.c:753:9:lps22hb_low_power_get	16	static
lps22hb_reg.c:772:9:lps22hb_boot_status_get	16	static
lps22hb_reg.c:790:9:lps22hb_dev_status_get	0	static
lps22hb_reg.c:813:9:lps22hb_sign_of_int_threshold_set	24	static
lps22hb_reg.c:836:9:lps22hb_sign_of_int_threshold_get	16	static
lps22hb_reg.c:874:9:lps22hb_int_notification_mode_set	24	static
lps22hb_reg.c:898:9:lps22hb_int_notification_mode_get	16	static
lps22hb_reg.c:928:9:lps22hb_int_generation_set	24	static
lps22hb_reg.c:949:9:lps22hb_int_generation_get	16	static
lps22hb_reg.c:968:9:lps22hb_int_threshold_set	0	static
lps22hb_reg.c:981:9:lps22hb_int_threshold_get	0	static
lps22hb_reg.c:993:9:lps22hb_int_pin_mode_set	24	static
lps22hb_reg.c:1014:9:lps22hb_int_pin_mode_get	16	static
lps22hb_reg.c:1049:9:lps22hb_drdy_on_int_set	24	static
lps22hb_reg.c:1070:9:lps22hb_drdy_on_int_get	16	static
lps22hb_reg.c:1088:9:lps22hb_fifo_ovr_on_int_set	24	static
lps22hb_reg.c:1109:9:lps22hb_fifo_ovr_on_int_get	16	static
lps22hb_reg.c:1128:9:lps22hb_fifo_threshold_on_int_set	24	static
lps22hb_reg.c:1150:9:lps22hb_fifo_threshold_on_int_get	16	static
lps22hb_reg.c:1168:9:lps22hb_fifo_full_on_int_set	24	static
lps22hb_reg.c:1189:9:lps22hb_fifo_full_on_int_get	16	static
lps22hb_reg.c:1207:9:lps22hb_pin_mode_set	24	static
lps22hb_reg.c:1228:9:lps22hb_pin_mode_get	16	static
lps22hb_reg.c:1257:9:lps22hb_int_polarity_set	24	static
lps22hb_reg.c:1278:9:lps22hb_int_polarity_get	16	static
lps22hb_reg.c:1307:9:lps22hb_int_source_get	0	static
lps22hb_reg.c:1320:9:lps22hb_int_on_press_high_get	16	static
lps22hb_reg.c:1338:9:lps22hb_int_on_press_low_get	16	static
lps22hb_reg.c:1356:9:lps22hb_interrupt_event_get	16	static
lps22hb_reg.c:1385:9:lps22hb_stop_on_fifo_threshold_set	24	static
lps22hb_reg.c:1407:9:lps22hb_stop_on_fifo_threshold_get	16	static
lps22hb_reg.c:1425:9:lps22hb_fifo_set	24	static
lps22hb_reg.c:1446:9:lps22hb_fifo_get	16	static
lps22hb_reg.c:1464:9:lps22hb_fifo_watermark_set	24	static
lps22hb_reg.c:1485:9:lps22hb_fifo_watermark_get	16	static
lps22hb_reg.c:1503:9:lps22hb_fifo_mode_set	24	static
lps22hb_reg.c:1524:9:lps22hb_fifo_mode_get	16	static
lps22hb_reg.c:1568:9:lps22hb_fifo_data_level_get	16	static
lps22hb_reg.c:1586:9:lps22hb_fifo_ovr_flag_get	16	static
lps22hb_reg.c:1604:9:lps22hb_fifo_fth_flag_get	16	static
lps22hb_reg.c:1633:9:lps22hb_spi_mode_set	24	static
lps22hb_reg.c:1654:9:lps22hb_spi_mode_get	16	static
lps22hb_reg.c:1683:9:lps22hb_i2c_interface_set	24	static
lps22hb_reg.c:1704:9:lps22hb_i2c_interface_get	16	static
lps22hb_reg.c:1735:9:lps22hb_auto_add_inc_set	24	static
lps22hb_reg.c:1758:9:lps22hb_auto_add_inc_get	16	static
