lps22hb.c:228:9:LPS22HB_GetCapabilities	0	static
lps22hb.c:166:9:LPS22HB_Init	16	static
lps22hb.c:212:9:LPS22HB_ReadID	8	static
lps22hb.c:810:16:LPS22HB_GetOutputDataRate	16	static
lps22hb.c:326:9:LPS22HB_PRESS_GetOutputDataRate	0	static
lps22hb.c:860:16:LPS22HB_SetOutputDataRate_When_Enabled	16	static
lps22hb.c:356:9:LPS22HB_PRESS_GetPressure	16	static
lps22hb.c:482:9:LPS22HB_TEMP_GetTemperature	16	static
lps22hb.c:463:9:LPS22HB_TEMP_SetOutputDataRate	0	static
lps22hb.c:958:16:ReadRegWrap	32	static
lps22hb.c:991:16:WriteRegWrap	32	static
lps22hb.c:266:9:LPS22HB_PRESS_Enable	8	static
lps22hb.c:392:9:LPS22HB_TEMP_Enable	8	static
lps22hb.c:290:9:LPS22HB_PRESS_Disable	16	static
lps22hb.c:416:9:LPS22HB_TEMP_Disable	16	static
lps22hb.c:186:9:LPS22HB_DeInit	8	static
lps22hb.c:452:9:LPS22HB_TEMP_GetOutputDataRate	0	static
lps22hb.c:337:9:LPS22HB_PRESS_SetOutputDataRate	0	static
lps22hb.c:249:9:LPS22HB_Get_Init_Status	0	static
lps22hb.c:377:9:LPS22HB_PRESS_Get_DRDY_Status	8	static
lps22hb.c:503:9:LPS22HB_TEMP_Get_DRDY_Status	8	static
lps22hb.c:540:9:LPS22HB_FIFO_Get_FTh_Status	8	static
lps22hb.c:556:9:LPS22HB_FIFO_Get_Full_Status	8	static
lps22hb.c:577:9:LPS22HB_FIFO_Get_Level	8	static
lps22hb.c:593:9:LPS22HB_FIFO_Get_Ovr_Status	8	static
lps22hb.c:609:9:LPS22HB_FIFO_Reset_Interrupt	8	static
lps22hb.c:644:9:LPS22HB_FIFO_Set_Interrupt	8	static
lps22hb.c:679:9:LPS22HB_FIFO_Set_Mode	8	static
lps22hb.c:710:9:LPS22HB_FIFO_Set_Watermark_Level	8	static
lps22hb.c:726:9:LPS22HB_FIFO_Usage	8	static
lps22hb.c:744:9:LPS22HB_Read_Reg	8	static
lps22hb.c:761:9:LPS22HB_Write_Reg	16	static
lps22hb.c:109:9:LPS22HB_RegisterBusIO	8	static
lps22hb.c:785:9:LPS22HB_Get_Temp	16	static
lps22hb.c:519:9:LPS22HB_FIFO_Get_Data	16	static
