lsm6dsl.c:279:9:LSM6DSL_GetCapabilities	0	static
lsm6dsl.c:2954:16:ReadRegWrap	4	static
lsm6dsl.c:2969:16:WriteRegWrap	4	static
lsm6dsl.c:538:9:LSM6DSL_ACC_SetFullScale	8	static
lsm6dsl.c:174:9:LSM6DSL_Init	16	static
lsm6dsl.c:857:9:LSM6DSL_GYRO_SetFullScale	8	static
lsm6dsl.c:263:9:LSM6DSL_ReadID	8	static
lsm6dsl.c:401:9:LSM6DSL_ACC_GetOutputDataRate	16	static
lsm6dsl.c:357:9:LSM6DSL_ACC_GetSensitivity	16	static
lsm6dsl.c:495:9:LSM6DSL_ACC_GetFullScale	16	static
lsm6dsl.c:563:9:LSM6DSL_ACC_GetAxesRaw	16	static
lsm6dsl.c:587:9:LSM6DSL_ACC_GetAxes	32	static
lsm6dsl.c:720:9:LSM6DSL_GYRO_GetOutputDataRate	16	static
lsm6dsl.c:672:9:LSM6DSL_GYRO_GetSensitivity	16	static
lsm6dsl.c:810:9:LSM6DSL_GYRO_GetFullScale	16	static
lsm6dsl.c:881:9:LSM6DSL_GYRO_GetAxesRaw	16	static
lsm6dsl.c:905:9:LSM6DSL_GYRO_GetAxes	32	static
lsm6dsl.c:476:9:LSM6DSL_ACC_SetOutputDataRate	8	static
lsm6dsl.c:791:9:LSM6DSL_GYRO_SetOutputDataRate	8	static
lsm6dsl.c:302:9:LSM6DSL_ACC_Enable	8	static
lsm6dsl.c:617:9:LSM6DSL_GYRO_Enable	8	static
lsm6dsl.c:326:9:LSM6DSL_ACC_Disable	16	static
lsm6dsl.c:641:9:LSM6DSL_GYRO_Disable	16	static
lsm6dsl.c:235:9:LSM6DSL_DeInit	8	static
lsm6dsl.c:937:9:LSM6DSL_Read_Reg	8	static
lsm6dsl.c:954:9:LSM6DSL_Write_Reg	16	static
lsm6dsl.c:117:9:LSM6DSL_RegisterBusIO	8	static
lsm6dsl.c:970:9:LSM6DSL_Set_Interrupt_Latch	8	static
lsm6dsl.c:991:9:LSM6DSL_ACC_Enable_Free_Fall_Detection	24	static
lsm6dsl.c:1083:9:LSM6DSL_ACC_Disable_Free_Fall_Detection	16	static
lsm6dsl.c:1134:9:LSM6DSL_ACC_Set_Free_Fall_Threshold	8	static
lsm6dsl.c:1150:9:LSM6DSL_ACC_Set_Free_Fall_Duration	8	static
lsm6dsl.c:1165:9:LSM6DSL_ACC_Enable_Pedometer	16	static
lsm6dsl.c:1214:9:LSM6DSL_ACC_Disable_Pedometer	16	static
lsm6dsl.c:1252:9:LSM6DSL_ACC_Get_Step_Count	8	static
lsm6dsl.c:1267:9:LSM6DSL_ACC_Enable_Step_Counter_Reset	8	static
lsm6dsl.c:1282:9:LSM6DSL_ACC_Disable_Step_Counter_Reset	8	static
lsm6dsl.c:1298:9:LSM6DSL_ACC_Set_Pedometer_Threshold	8	static
lsm6dsl.c:1314:9:LSM6DSL_ACC_Enable_Tilt_Detection	24	static
lsm6dsl.c:1382:9:LSM6DSL_ACC_Disable_Tilt_Detection	16	static
lsm6dsl.c:1427:9:LSM6DSL_ACC_Enable_Wake_Up_Detection	24	static
lsm6dsl.c:1501:9:LSM6DSL_ACC_Disable_Wake_Up_Detection	16	static
lsm6dsl.c:1552:9:LSM6DSL_ACC_Set_Wake_Up_Threshold	8	static
lsm6dsl.c:1569:9:LSM6DSL_ACC_Set_Wake_Up_Duration	8	static
lsm6dsl.c:1586:9:LSM6DSL_ACC_Enable_Single_Tap_Detection	24	static
lsm6dsl.c:1688:9:LSM6DSL_ACC_Disable_Single_Tap_Detection	16	static
lsm6dsl.c:1763:9:LSM6DSL_ACC_Enable_Double_Tap_Detection	24	static
lsm6dsl.c:1873:9:LSM6DSL_ACC_Disable_Double_Tap_Detection	16	static
lsm6dsl.c:1960:9:LSM6DSL_ACC_Set_Tap_Threshold	8	static
lsm6dsl.c:1977:9:LSM6DSL_ACC_Set_Tap_Shock_Time	8	static
lsm6dsl.c:1994:9:LSM6DSL_ACC_Set_Tap_Quiet_Time	8	static
lsm6dsl.c:2011:9:LSM6DSL_ACC_Set_Tap_Duration_Time	8	static
lsm6dsl.c:2028:9:LSM6DSL_ACC_Enable_6D_Orientation	24	static
lsm6dsl.c:2096:9:LSM6DSL_ACC_Disable_6D_Orientation	16	static
lsm6dsl.c:2141:9:LSM6DSL_ACC_Set_6D_Orientation_Threshold	8	static
lsm6dsl.c:2157:9:LSM6DSL_ACC_Get_6D_Orientation_XL	16	static
lsm6dsl.c:2177:9:LSM6DSL_ACC_Get_6D_Orientation_XH	16	static
lsm6dsl.c:2197:9:LSM6DSL_ACC_Get_6D_Orientation_YL	16	static
lsm6dsl.c:2217:9:LSM6DSL_ACC_Get_6D_Orientation_YH	16	static
lsm6dsl.c:2237:9:LSM6DSL_ACC_Get_6D_Orientation_ZL	16	static
lsm6dsl.c:2257:9:LSM6DSL_ACC_Get_6D_Orientation_ZH	16	static
lsm6dsl.c:2277:9:LSM6DSL_ACC_Get_Event_Status	48	static
lsm6dsl.c:2389:9:LSM6DSL_ACC_Set_SelfTest	8	static
lsm6dsl.c:2412:9:LSM6DSL_ACC_Get_DRDY_Status	8	static
lsm6dsl.c:2428:9:LSM6DSL_ACC_Get_Init_Status	0	static
lsm6dsl.c:2446:9:LSM6DSL_GYRO_Set_SelfTest	8	static
lsm6dsl.c:2470:9:LSM6DSL_GYRO_Get_DRDY_Status	8	static
lsm6dsl.c:2486:9:LSM6DSL_GYRO_Get_Init_Status	0	static
lsm6dsl.c:2504:9:LSM6DSL_FIFO_Get_Num_Samples	8	static
lsm6dsl.c:2520:9:LSM6DSL_FIFO_Get_Full_Status	16	static
lsm6dsl.c:2540:9:LSM6DSL_FIFO_Set_ODR_Value	8	static
lsm6dsl.c:2569:9:LSM6DSL_FIFO_Set_INT1_FIFO_Full	24	static
lsm6dsl.c:2594:9:LSM6DSL_FIFO_Set_Watermark_Level	8	static
lsm6dsl.c:2610:9:LSM6DSL_FIFO_Set_Stop_On_Fth	8	static
lsm6dsl.c:2626:9:LSM6DSL_FIFO_Set_Mode	8	static
lsm6dsl.c:2664:9:LSM6DSL_FIFO_Get_Pattern	8	static
lsm6dsl.c:2680:9:LSM6DSL_FIFO_Get_Data	8	static
lsm6dsl.c:2696:9:LSM6DSL_FIFO_ACC_Set_Decimation	8	static
lsm6dsl.c:2737:9:LSM6DSL_FIFO_ACC_Get_Axis	24	static
lsm6dsl.c:2768:9:LSM6DSL_FIFO_GYRO_Set_Decimation	8	static
lsm6dsl.c:2809:9:LSM6DSL_FIFO_GYRO_Get_Axis	24	static
