lsm303agr.c:261:9:LSM303AGR_ACC_GetCapabilities	0	static
lsm303agr.c:877:9:LSM303AGR_MAG_GetCapabilities	0	static
lsm303agr.c:949:9:LSM303AGR_MAG_GetSensitivity	0	static
lsm303agr.c:1029:9:LSM303AGR_MAG_GetFullScale	0	static
lsm303agr.c:1042:9:LSM303AGR_MAG_SetFullScale	0	static
lsm303agr.c:185:9:LSM303AGR_ACC_Init	16	static
lsm303agr.c:572:9:LSM303AGR_ACC_SetFullScale	8	static
lsm303agr.c:245:9:LSM303AGR_ACC_ReadID	8	static
lsm303agr.c:388:9:LSM303AGR_ACC_GetOutputDataRate	24	static
lsm303agr.c:529:9:LSM303AGR_ACC_GetFullScale	16	static
lsm303agr.c:595:9:LSM303AGR_ACC_GetAxesRaw	32	static
lsm303agr.c:1005:9:LSM303AGR_MAG_SetOutputDataRate	8	static
lsm303agr.c:806:9:LSM303AGR_MAG_Init	16	static
lsm303agr.c:861:9:LSM303AGR_MAG_ReadID	8	static
lsm303agr.c:962:9:LSM303AGR_MAG_GetOutputDataRate	16	static
lsm303agr.c:1053:9:LSM303AGR_MAG_GetAxesRaw	16	static
lsm303agr.c:1077:9:LSM303AGR_MAG_GetAxes	16	static
lsm303agr.c:510:9:LSM303AGR_ACC_SetOutputDataRate	8	static
lsm303agr.c:1361:16:ReadAccRegWrap	8	static
lsm303agr.c:1385:16:WriteAccRegWrap	8	static
lsm303agr.c:1409:16:ReadMagRegWrap	8	static
lsm303agr.c:1433:16:WriteMagRegWrap	8	static
lsm303agr.c:284:9:LSM303AGR_ACC_Enable	8	static
lsm303agr.c:308:9:LSM303AGR_ACC_Disable	16	static
lsm303agr.c:224:9:LSM303AGR_ACC_DeInit	8	static
lsm303agr.c:339:9:LSM303AGR_ACC_GetSensitivity	24	static
lsm303agr.c:653:9:LSM303AGR_ACC_GetAxes	32	static
lsm303agr.c:900:9:LSM303AGR_MAG_Enable	8	static
lsm303agr.c:924:9:LSM303AGR_MAG_Disable	8	static
lsm303agr.c:842:9:LSM303AGR_MAG_DeInit	8	static
lsm303agr.c:685:9:LSM303AGR_ACC_Read_Reg	8	static
lsm303agr.c:702:9:LSM303AGR_ACC_Write_Reg	16	static
lsm303agr.c:128:9:LSM303AGR_ACC_RegisterBusIO	8	static
lsm303agr.c:718:9:LSM303AGR_ACC_Get_DRDY_Status	8	static
lsm303agr.c:734:9:LSM303AGR_ACC_Get_Init_Status	0	static
lsm303agr.c:751:9:LSM303AGR_MAG_RegisterBusIO	8	static
lsm303agr.c:1106:9:LSM303AGR_MAG_Read_Reg	8	static
lsm303agr.c:1123:9:LSM303AGR_MAG_Write_Reg	16	static
lsm303agr.c:1139:9:LSM303AGR_MAG_Get_DRDY_Status	8	static
lsm303agr.c:1155:9:LSM303AGR_MAG_Get_Init_Status	0	static
