main.c:457:13:AudioProcess	16	static
main.c:1105:6:HAL_TIM_OC_DelayElapsedCallback	8	static
main.c:1124:6:HAL_TIM_PeriodElapsedCallback	0	static
main.c:1142:6:BSP_AUDIO_IN_HalfTransfer_CallBack	0	static
main.c:1152:6:BSP_AUDIO_IN_TransferComplete_CallBack	0	static
main.c:1162:6:HAL_GPIO_EXTI_Callback	8	static
main.c:1202:6:HAL_Delay	16	static,ignoring_inline_asm
main.c:1216:6:Error_Handler	0	static
main.c:1229:6:Get_McuId	0	static
main.c:1265:15:SaveVibrationParamToMemory	8	static
main.c:216:5:main	280	static,ignoring_inline_asm
