MotionSP_Manager.c:144:6:MotionSP_SetDefaultVibrationParam	8	static
MotionSP_Manager.c:172:6:MotionSP_VibrationInit	16	static
MotionSP_Manager.c:233:6:MotionSP_TimeDomainAlarmInit	24	static
MotionSP_Manager.c:276:6:MotionSP_FreqDomainAlarmInit	24	static
MotionSP_Manager.c:315:9:SetAccelerometerParameters	64	static
MotionSP_Manager.c:395:6:MotionSP_ConfigFifo	16	static
MotionSP_Manager.c:619:9:enable_FIFO	8	static
MotionSP_Manager.c:645:9:disable_FIFO	8	static
MotionSP_Manager.c:483:6:MotionSP_VibrationAnalysis	48	static
MotionSP_Manager.c:672:9:restart_FIFO	8	static
MotionSP_Manager.c:695:6:FuncOn_DRDY_XL	0	static
MotionSP_Manager.c:705:6:FuncOn_FifoFull	64	static
