nucleo_f446re_bus.c:154:9:BSP_I2C1_DeInit	8	static
nucleo_f446re_bus.c:175:9:BSP_I2C1_IsReady	8	static
nucleo_f446re_bus.c:187:9:BSP_I2C1_WriteReg	24	static
nucleo_f446re_bus.c:207:10:BSP_I2C1_ReadReg	24	static
nucleo_f446re_bus.c:228:9:BSP_I2C1_WriteReg16	24	static
nucleo_f446re_bus.c:248:10:BSP_I2C1_ReadReg16	24	static
nucleo_f446re_bus.c:269:9:BSP_I2C1_Send	16	static
nucleo_f446re_bus.c:288:9:BSP_I2C1_Recv	16	static
nucleo_f446re_bus.c:308:9:BSP_I2C1_SendRecv	24	static
nucleo_f446re_bus.c:422:9:BSP_SPI1_DeInit	8	static
nucleo_f446re_bus.c:442:9:BSP_SPI1_Send	8	static
nucleo_f446re_bus.c:459:10:BSP_SPI1_Recv	8	static
nucleo_f446re_bus.c:476:9:BSP_SPI1_SendRecv	16	static
nucleo_f446re_bus.c:545:9:BSP_GetTick	0	static
nucleo_f446re_bus.c:552:26:MX_I2C1_Init	8	static
nucleo_f446re_bus.c:109:9:BSP_I2C1_Init	40	static
nucleo_f446re_bus.c:619:26:MX_SPI1_Init	8	static
nucleo_f446re_bus.c:388:9:BSP_SPI1_Init	48	static
