sensor_service.c:165:12:safe_aci_gatt_update_char_value	24	static
sensor_service.c:196:12:Add_ConfigW2ST_Service	56	static
sensor_service.c:232:12:Add_ConsoleW2ST_Service	72	static
sensor_service.c:280:12:Stderr_Update	40	static
sensor_service.c:311:12:Term_Update	40	static
sensor_service.c:2123:17:ConfigCommandParsing.isra.1	24	static
sensor_service.c:383:12:Config_Notify	32	static
sensor_service.c:411:12:Add_HW_ServW2ST_Service	72	static
sensor_service.c:497:12:Add_SW_ServW2ST_Service	72	static
sensor_service.c:585:12:AccGyroMag_Update	48	static
sensor_service.c:632:12:Environmental_Update	48	static
sensor_service.c:691:12:AudioLevel_Update	24	static
sensor_service.c:723:12:FFT_Amplitude_Update	56	static
sensor_service.c:780:12:TimeDomain_Update	40	static
sensor_service.c:854:12:FFT_AlarmSpeedRMS_Status_Update	40	static
sensor_service.c:924:12:FFT_AlarmAccStatus_Update	40	static
sensor_service.c:994:12:FFT_AlarmSubrangeStatus_Update	56	static
sensor_service.c:1060:6:setConnectable	96	static
sensor_service.c:1218:6:Read_Request_CB	48	static
sensor_service.c:1272:6:Attribute_Modified_CB	152	static
sensor_service.c:2249:6:HCI_Event_CB	32	static
