hts221.c:211:9:HTS221_GetCapabilities	0	static
hts221.c:638:16:HTS221_SetOutputDataRate	8	static
hts221.c:149:9:HTS221_Init	16	static
hts221.c:319:9:HTS221_HUM_SetOutputDataRate	0	static
hts221.c:195:9:HTS221_ReadID	8	static
hts221.c:596:16:HTS221_GetOutputDataRate	16	static
hts221.c:308:9:HTS221_HUM_GetOutputDataRate	0	static
hts221.c:330:9:HTS221_HUM_GetHumidity	40	static
hts221.c:701:16:ReadRegWrap	8	static
hts221.c:725:16:WriteRegWrap	8	static
hts221.c:249:9:HTS221_HUM_Enable	8	static
hts221.c:278:9:HTS221_HUM_Disable	8	static
hts221.c:406:9:HTS221_TEMP_Enable	8	static
hts221.c:435:9:HTS221_TEMP_Disable	8	static
hts221.c:169:9:HTS221_DeInit	8	static
hts221.c:476:9:HTS221_TEMP_SetOutputDataRate	0	static
hts221.c:465:9:HTS221_TEMP_GetOutputDataRate	0	static
hts221.c:487:9:HTS221_TEMP_GetTemperature	40	static
hts221.c:109:9:HTS221_RegisterBusIO	0	static
hts221.c:232:9:HTS221_Get_Init_Status	0	static
hts221.c:391:9:HTS221_HUM_Get_DRDY_Status	8	static
hts221.c:538:9:HTS221_TEMP_Get_DRDY_Status	8	static
hts221.c:555:9:HTS221_Read_Reg	8	static
hts221.c:572:9:HTS221_Write_Reg	16	static
