x_nucleo_cca02m1_audio.c:482:16:BSP_AUDIO_IN_DeInit	0	static
x_nucleo_cca02m1_audio.c:815:26:MX_I2S_ClockConfig	104	static
x_nucleo_cca02m1_audio.c:863:26:MX_SPI_Init	24	static
x_nucleo_cca02m1_audio.c:905:26:MX_I2S_Init	16	static
x_nucleo_cca02m1_audio.c:969:16:BSP_AUDIO_IN_PDMToPCM_Init	64	static
x_nucleo_cca02m1_audio.c:248:16:BSP_AUDIO_IN_Init	160	static
x_nucleo_cca02m1_audio.c:1061:16:BSP_AUDIO_IN_PDMToPCM	80	static
x_nucleo_cca02m1_audio.c:1107:9:BSP_AUDIO_IN_Record	8	static
x_nucleo_cca02m1_audio.c:1184:9:BSP_AUDIO_IN_Stop	8	static
x_nucleo_cca02m1_audio.c:1267:9:BSP_AUDIO_IN_Pause	8	static
x_nucleo_cca02m1_audio.c:1335:9:BSP_AUDIO_IN_Resume	8	static
x_nucleo_cca02m1_audio.c:1404:9:BSP_AUDIO_IN_RecordChannels	0	static
x_nucleo_cca02m1_audio.c:1471:9:BSP_AUDIO_IN_StopChannels	0	static
x_nucleo_cca02m1_audio.c:1494:9:BSP_AUDIO_IN_PauseChannels	0	static
x_nucleo_cca02m1_audio.c:1543:9:BSP_AUDIO_IN_ResumeChannels	0	static
x_nucleo_cca02m1_audio.c:1593:9:BSP_AUDIO_IN_RecordPDM	0	static
x_nucleo_cca02m1_audio.c:1628:9:BSP_AUDIO_IN_SetDevice	32	static
x_nucleo_cca02m1_audio.c:1686:9:BSP_AUDIO_IN_GetDevice	0	static
x_nucleo_cca02m1_audio.c:1708:9:BSP_AUDIO_IN_SetSampleRate	32	static
x_nucleo_cca02m1_audio.c:1769:9:BSP_AUDIO_IN_GetSampleRate	0	static
x_nucleo_cca02m1_audio.c:1793:9:BSP_AUDIO_IN_SetBitsPerSample	32	static
x_nucleo_cca02m1_audio.c:1849:9:BSP_AUDIO_IN_GetBitsPerSample	0	static
x_nucleo_cca02m1_audio.c:1871:9:BSP_AUDIO_IN_SetChannelsNbr	0	static
x_nucleo_cca02m1_audio.c:1894:9:BSP_AUDIO_IN_GetChannelsNbr	0	static
x_nucleo_cca02m1_audio.c:1916:9:BSP_AUDIO_IN_SetVolume	32	static
x_nucleo_cca02m1_audio.c:1955:9:BSP_AUDIO_IN_GetVolume	0	static
x_nucleo_cca02m1_audio.c:1978:9:BSP_AUDIO_IN_GetState	0	static
x_nucleo_cca02m1_audio.c:2249:13:BSP_AUDIO_IN_TransferComplete_CallBack	0	static
x_nucleo_cca02m1_audio.c:2113:6:HAL_I2S_RxCpltCallback	32	static
x_nucleo_cca02m1_audio.c:2263:13:BSP_AUDIO_IN_HalfTransfer_CallBack	0	static
x_nucleo_cca02m1_audio.c:2182:6:HAL_I2S_RxHalfCpltCallback	40	static
x_nucleo_cca02m1_audio.c:2277:13:BSP_AUDIO_IN_Error_CallBack	0	static
