arm_math.h:5745:30:arm_sqrt_f32	8	static
MotionSP.c:251:13:MotionSP_SwAccRmsFilter.constprop	56	static
MotionSP.c:148:13:MotionSP_evalSpeedFromAccelero.constprop	16	static
MotionSP.c:207:13:MotionSP_SwSpeedRmsFilter.constprop	48	static
MotionSP.c:118:13:MotionSP_speedDelOffset.constprop	16	static
MotionSP.c:328:6:MotionSP_accDelOffset	12	static
MotionSP.c:356:6:MotionSP_CreateAccCircBuffer	16	static
MotionSP.c:379:6:MotionSP_TimeDomainProcess	16	static
MotionSP.c:420:6:MotionSP_fftCalc	16	static
MotionSP.c:437:6:MotionSP_fftAdapt	20	static
MotionSP.c:463:6:MotionSP_fftFindPeak	16	static
MotionSP.c:477:6:MotionSP_SetWindFiltArray	56	static
MotionSP.c:532:6:motionSP_fftUseWindow	4	static
MotionSP.c:547:9:MotionSP_fftInBuild	24	static
MotionSP.c:590:9:MotionSP_fftAverageCalcSamples	32	static
MotionSP.c:640:9:MotionSP_fftAverageCalcTime	24	static
MotionSP.c:758:6:MotionSP_evalMaxAmplitudeRange	56	static
MotionSP.c:676:6:MotionSP_FrequencyDomainProcess	32	static
